Microchip MPLAB XC8 Compiler V2.45

Linker command line:

-W-3 --edf=/opt/microchip/xc8/v2.45/pic/dat/20230818022343_en.msgs -cn \
  -h+dist/default/production/Microwave_oven_project.X.production.sym \
  --cmf=dist/default/production/Microwave_oven_project.X.production.cmf -z \
  -Q16F877A -o/tmp/xcXLoKiMh/driver_tmp_3.o --defsym=__MPLAB_BUILD=1 \
  --fixupoverflow=error \
  -Mdist/default/production/Microwave_oven_project.X.production.map \
  --md=/tmp/xcXLoKiMh/driver_tmp_0.dat -E1 -ver=XC8 Compiler --acfsm=1493 \
  -ACODE=00h-07FFhx4 -ASTRCODE=00h-01FFFh -ASTRING=00h-0FFhx32 \
  -ACONST=00h-0FFhx32 -AENTRY=00h-0FFhx32 -ACOMMON=070h-07Fh \
  -ABANK0=020h-06Fh -ABANK1=0A0h-0EFh -ABANK2=0110h-016Fh \
  -ABANK3=0190h-01EFh -ARAM=020h-06Fh,0A0h-0EFh,0110h-016Fh,0190h-01EFh \
  -AABS1=020h-07Fh,0A0h-0EFh,0110h-016Fh,0190h-01EFh -ASFR0=00h-01Fh \
  -ASFR1=080h-09Fh -ASFR2=0100h-010Fh -ASFR3=0180h-018Fh \
  -ACONFIG=02007h-02007h -DCONFIG=2 -AIDLOC=02000h-02003h -DIDLOC=2 \
  -AEEDATA=00h-0FFh/02100h -peeprom_data=EEDATA -DEEDATA=2 -DCODE=2 \
  -DSTRCODE=2 -DSTRING=2 -DCONST=2 -DENTRY=2 \
  -preset_vec=00h,intentry=04h,init,end_init -ppowerup=CODE -pcinit=CODE \
  -pfunctab=ENTRY -k /tmp/xcXLoKiMh/driver_tmp_12.o \
  dist/default/production/Microwave_oven_project.X.production.o 

Object code version is 3.11

Machine type is 16F877A



                Name                               Link     Load   Length Selector   Space Scale
/tmp/xcXLoKiMh/driver_tmp_12.o
                end_init                              C        C        3        8       0
                reset_vec                             0        0        3        0       0
                config                             2007     2007        1        0       4
                idloc                              2000     2000        4        0       5
dist/default/production/Microwave_oven_project.X.production.o
                cinit                                 F        F       25        8       0
                intentry                              4        4        8        8       0
                config                             2007     2007        1        0       4
                idloc                              2000     2000        4        0       5
                text21                              DFD      DFD       35     1BFA       0
                text20                              E32      E32       36     1C64       0
                text19                              EC3      EC3       63     1D86       0
                text18                              CD6      CD6        B     19AC       0
                text17                              CE1      CE1       10     19C2       0
                text16                              7F3      7F3        D      E70       0
                text15                              D2C      D2C       1F     1A58       0
                text14                              D9B      D9B       2F     1B36       0
                text13                              D6E      D6E       2D     1ADC       0
                text12                              D02      D02       15     1A04       0
                text11                              F8F      F8F       71     1F1E       0
                text10                              738      738       BB      E70       0
                text9                               D4B      D4B       23     1A96       0
                text8                               F26      F26       69     1E4C       0
                text7                               E68      E68       5B     1CD0       0
                text6                               D17      D17       15     1A2E       0
                text5                               CF1      CF1       11     19E2       0
                text4                                34       34      214        8       0
                text3                               3AD      3AD      165        8       0
                text2                               DCA      DCA       33     1B94       0
                text1                               512      512       E7        8       0
                maintext                            248      248      165        8       0
                cstackBANK0                          20       20       16       20       1
                cstackCOMMON                         70       70        A       70       1
                dataBANK0                            44       44        2       20       1
                bssBANK0                             36       36        E       20       1
                dataCOMMON                           7B       7B        1       70       1
                bssCOMMON                            7A       7A        1       70       1
                stringtext                          600      600      138        C       0
                strings                             800      800       12     1000       0
                idataBANK0                          5F9      5F9        2        8       0
                idataCOMMON                         5FB      5FB        1        8       0

TOTAL           Name                               Link     Load   Length     Space
        CLASS   CODE           
                end_init                              C        C        3         0
                cinit                                 F        F       25         0
                intentry                              4        4        8         0
                reset_vec                             0        0        3         0
                text21                              DFD      DFD       35         0
                text20                              E32      E32       36         0
                text19                              EC3      EC3       63         0
                text18                              CD6      CD6        B         0
                text17                              CE1      CE1       10         0
                text16                              7F3      7F3        D         0
                text15                              D2C      D2C       1F         0
                text14                              D9B      D9B       2F         0
                text13                              D6E      D6E       2D         0
                text12                              D02      D02       15         0
                text11                              F8F      F8F       71         0
                text10                              738      738       BB         0
                text9                               D4B      D4B       23         0
                text8                               F26      F26       69         0
                text7                               E68      E68       5B         0
                text6                               D17      D17       15         0
                text5                               CF1      CF1       11         0
                text4                                34       34      214         0
                text3                               3AD      3AD      165         0
                text2                               DCA      DCA       33         0
                text1                               512      512       E7         0
                maintext                            248      248      165         0
                idataBANK0                          5F9      5F9        2         0
                idataCOMMON                         5FB      5FB        1         0

        CLASS   STRCODE        
                stringtext                          600      600      138         0

        CLASS   STRING         
                strings                             800      800       12         0

        CLASS   CONST          

        CLASS   ENTRY          

        CLASS   COMMON         
                cstackCOMMON                         70       70        A         1
                dataCOMMON                           7B       7B        1         1
                bssCOMMON                            7A       7A        1         1

        CLASS   BANK0          
                cstackBANK0                          20       20       16         1
                dataBANK0                            44       44        2         1
                bssBANK0                             36       36        E         1

        CLASS   BANK1          

        CLASS   BANK2          

        CLASS   BANK3          

        CLASS   RAM            

        CLASS   ABS1           
                abs_s1                               7E       7E        2         1

        CLASS   SFR0           

        CLASS   SFR1           

        CLASS   SFR2           

        CLASS   SFR3           

        CLASS   CONFIG         
                config                             2007     2007        1         4

        CLASS   IDLOC          
                idloc                              2000     2000        4         5

        CLASS   EEDATA         

        CLASS   HEAP           

        CLASS   STACK          



SEGMENTS        Name                           Load    Length   Top    Selector   Space  Class     Delta

                text21                         000DFD  000035  000E32      1BFA       0  CODE        2
                text20                         000E32  000036  000E68      1C64       0  CODE        2
                text14                         000D9B  00002F  000DCA      1B36       0  CODE        2
                text2                          000DCA  000033  000DFD      1B94       0  CODE        2
                text7                          000E68  00005B  000EC3      1CD0       0  CODE        2
                text11                         000F8F  000071  001000      1F1E       0  CODE        2
                text10                         000738  0000C8  000800       E70       0  CODE        2
                text19                         000EC3  000063  000F26      1D86       0  CODE        2
                text8                          000F26  000069  000F8F      1E4C       0  CODE        2
                text5                          000CF1  000011  000D02      19E2       0  CODE        2
                strings                        000800  000012  000812      1000       0  STRING      2
                text18                         000CD6  00000B  000CE1      19AC       0  CODE        2
                text17                         000CE1  000010  000CF1      19C2       0  CODE        2
                text12                         000D02  000015  000D17      1A04       0  CODE        2
                text9                          000D4B  000023  000D6E      1A96       0  CODE        2
                text13                         000D6E  00002D  000D9B      1ADC       0  CODE        2
                text6                          000D17  000015  000D2C      1A2E       0  CODE        2
                text15                         000D2C  00001F  000D4B      1A58       0  CODE        2
                stringtext                     000600  000138  000738         C       0  STRCODE     2
                cstackCOMMON                   000070  00000C  00007C        70       1  COMMON      1
                reset_vec                      000000  000003  000003         0       0  CODE        2
                intentry                       000004  0005F8  0005FC         8       0  CODE        2
                cstackBANK0                    000020  000026  000046        20       1  BANK0       1


UNUSED ADDRESS RANGES

        Name                Unused          Largest block    Delta
        BANK0            0046-006F             2A           1
        BANK1            00A0-00EF             50           1
        BANK2            0110-016F             60           1
        BANK3            0190-01EF             60           1
        CODE             0003-0003              1           2
                         05FC-05FF              4
                         0812-0CD5            4C4
                         1000-1FFF            800
        COMMON           007C-007D              2           1
        CONST            0003-0003              1           2
                         05FC-05FF              4
                         0812-0CD5            100
                         1000-1FFF            100
        EEDATA           2100-21FF            100           2
        ENTRY            0003-0003              1           2
                         05FC-05FF              4
                         0812-0CD5            100
                         1000-1FFF            100
        RAM              0046-006F             2A           1
                         00A0-00EF             50
                         0110-016F             60
                         0190-01EF             60
        SFR0             0000-001F             20           1
        SFR1             0080-009F             20           1
        SFR2             0100-010F             10           1
        SFR3             0180-018F             10           1
        STRCODE          0003-0003              1           2
                         05FC-05FF              4
                         0812-0CD5            4C4
                         1000-1FFF           1000
        STRING           0003-0003              1           2
                         05FC-05FF              4
                         0812-0CD5            100
                         1000-1FFF            100

                                  Symbol Table

?___awdiv                        cstackCOMMON 0072
?___awmod                        cstackBANK0  0024
_GIE                             (abs)        005F
_PEIE                            (abs)        005E
_PORTD                           (abs)        0008
_PR2                             (abs)        0092
_RB0                             (abs)        0030
_RB1                             (abs)        0031
_RB2                             (abs)        0032
_RB3                             (abs)        0033
_RC1                             (abs)        0039
_RC2                             (abs)        003A
_RD0                             (abs)        0040
_RD1                             (abs)        0041
_RD2                             (abs)        0042
_RD3                             (abs)        0043
_RE1                             (abs)        0049
_RE2                             (abs)        004A
_T2CKPS0                         (abs)        0090
_T2CKPS1                         (abs)        0091
_TMR2IE                          (abs)        0461
_TMR2IF                          (abs)        0061
_TMR2ON                          (abs)        0092
_TRISB                           (abs)        0086
_TRISB3                          (abs)        0433
_TRISC1                          (abs)        0439
_TRISC2                          (abs)        043A
_TRISD                           (abs)        0088
_TRISE1                          (abs)        0449
_TRISE2                          (abs)        044A
__H__absolute__                  __absolute__ 0000
__Habs1                          abs1         0000
__Hbank0                         bank0        0000
__Hbank1                         bank1        0000
__Hbank2                         bank2        0000
__Hbank3                         bank3        0000
__HbssBANK0                      bssBANK0     0000
__HbssCOMMON                     bssCOMMON    0000
__Hcinit                         cinit        0034
__Hclrtext                       clrtext      0000
__Hcode                          code         0000
__Hcommon                        common       0000
__Hconfig                        config       2008
__HcstackBANK0                   cstackBANK0  0000
__HcstackCOMMON                  cstackCOMMON 0000
__HdataBANK0                     dataBANK0    0000
__HdataCOMMON                    dataCOMMON   0000
__Heeprom_data                   eeprom_data  0000
__Hend_init                      end_init     000F
__Hfunctab                       functab      0000
__Hheap                          heap         0000
__HidataBANK0                    idataBANK0   0000
__HidataCOMMON                   idataCOMMON  0000
__Hidloc                         idloc        2004
__Hinit                          init         000C
__Hintentry                      intentry     000C
__Hmaintext                      maintext     0000
__Hpowerup                       powerup      0000
__Hram                           ram          0000
__Hreset_vec                     reset_vec    0003
__Hsfr0                          sfr0         0000
__Hsfr1                          sfr1         0000
__Hsfr2                          sfr2         0000
__Hsfr3                          sfr3         0000
__Hspace_0                       (abs)        1000
__Hspace_1                       (abs)        007C
__Hspace_2                       (abs)        0000
__Hspace_3                       (abs)        0000
__Hspace_4                       (abs)        400F
__Hstack                         stack        0000
__Hstrings                       strings      0000
__Hstringtext                    stringtext   0000
__Htext                          text         0000
__L__absolute__                  __absolute__ 0000
__Labs1                          abs1         0000
__Lbank0                         bank0        0000
__Lbank1                         bank1        0000
__Lbank2                         bank2        0000
__Lbank3                         bank3        0000
__LbssBANK0                      bssBANK0     0000
__LbssCOMMON                     bssCOMMON    0000
__Lcinit                         cinit        000F
__Lclrtext                       clrtext      0000
__Lcode                          code         0000
__Lcommon                        common       0000
__Lconfig                        config       0000
__LcstackBANK0                   cstackBANK0  0000
__LcstackCOMMON                  cstackCOMMON 0000
__LdataBANK0                     dataBANK0    0000
__LdataCOMMON                    dataCOMMON   0000
__Leeprom_data                   eeprom_data  0000
__Lend_init                      end_init     000C
__Lfunctab                       functab      0000
__Lheap                          heap         0000
__LidataBANK0                    idataBANK0   0000
__LidataCOMMON                   idataCOMMON  0000
__Lidloc                         idloc        0000
__Linit                          init         000C
__Lintentry                      intentry     0004
__Lmaintext                      maintext     0000
__Lpowerup                       powerup      0000
__Lram                           ram          0000
__Lreset_vec                     reset_vec    0000
__Lsfr0                          sfr0         0000
__Lsfr1                          sfr1         0000
__Lsfr2                          sfr2         0000
__Lsfr3                          sfr3         0000
__Lspace_0                       (abs)        0000
__Lspace_1                       (abs)        0000
__Lspace_2                       (abs)        0000
__Lspace_3                       (abs)        0000
__Lspace_4                       (abs)        0000
__Lstack                         stack        0000
__Lstrings                       strings      0000
__Lstringtext                    stringtext   0000
__Ltext                          text         0000
__S0                             (abs)        1000
__S1                             (abs)        007C
__S3                             (abs)        0000
___awdiv                         text8        0F26
___awdiv@counter                 cstackBANK0  0020
___awdiv@dividend                cstackCOMMON 0074
___awdiv@divisor                 cstackCOMMON 0072
___awdiv@quotient                cstackBANK0  0022
___awdiv@sign                    cstackBANK0  0021
___awmod                         text7        0E68
___awmod@counter                 cstackCOMMON 0078
___awmod@dividend                cstackBANK0  0026
___awmod@divisor                 cstackBANK0  0024
___awmod@sign                    cstackCOMMON 0079
___bmul                          text6        0D17
___bmul@multiplicand             cstackCOMMON 0072
___bmul@multiplier               cstackCOMMON 0075
___bmul@product                  cstackCOMMON 0074
___heap_hi                       (abs)        0000
___heap_lo                       (abs)        0000
___int_sp                        stack        0000
___int_stack_hi                  stack        0000
___int_stack_lo                  stack        0000
___latbits                       (abs)        0002
___sp                            stack        0000
___stack_hi                      stack        0000
___stack_lo                      stack        0000
___stackhi                       (abs)        0000
___stacklo                       (abs)        0000
__end_of___awdiv                 text8        0F8F
__end_of___awmod                 text7        0EC3
__end_of___bmul                  text6        0D2C
__end_of__initialization         cinit        0030
__end_of__stringtab              strings      0812
__end_of_clcd_print              text14       0DCA
__end_of_clcd_putch              text12       0D17
__end_of_clcd_write              text20       0E68
__end_of_clear_screen            text5        0D02
__end_of_door_status             text2        0DFD
__end_of_init_clcd               text18       0CE1
__end_of_init_config             text15       0D4B
__end_of_init_display_controller text19       0F26
__end_of_init_matrix_keypad      text17       0CF1
__end_of_init_timer2             text16       0800
__end_of_isr                     text21       0E32
__end_of_main                    maintext     03AD
__end_of_menu_display_screen     text13       0D9B
__end_of_power_on_screen         text11       1000
__end_of_read_matrix_keypad      text9        0D6E
__end_of_scan_keypad             text10       07F3
__end_of_set_temp                text4        0248
__end_of_set_time                text3        0512
__end_of_time_display_screen     text1        05F9
__initialization                 cinit        000F
__pbssBANK0                      bssBANK0     0036
__pbssCOMMON                     bssCOMMON    007A
__pcstackBANK0                   cstackBANK0  0020
__pcstackCOMMON                  cstackCOMMON 0070
__pdataBANK0                     dataBANK0    0044
__pdataCOMMON                    dataCOMMON   007B
__pidataBANK0                    idataBANK0   05F9
__pidataCOMMON                   idataCOMMON  05FB
__pintentry                      intentry     0004
__pmaintext                      maintext     0248
__pstrings                       strings      0800
__pstringtext                    stringtext   0600
__ptext1                         text1        0512
__ptext10                        text10       0738
__ptext11                        text11       0F8F
__ptext12                        text12       0D02
__ptext13                        text13       0D6E
__ptext14                        text14       0D9B
__ptext15                        text15       0D2C
__ptext16                        text16       07F3
__ptext17                        text17       0CE1
__ptext18                        text18       0CD6
__ptext19                        text19       0EC3
__ptext2                         text2        0DCA
__ptext20                        text20       0E32
__ptext21                        text21       0DFD
__ptext3                         text3        03AD
__ptext4                         text4        0034
__ptext5                         text5        0CF1
__ptext6                         text6        0D17
__ptext7                         text7        0E68
__ptext8                         text8        0F26
__ptext9                         text9        0D4B
__stringbase                     strings      0812
__stringtab                      strings      0800
_clcd_print                      text14       0D9B
_clcd_putch                      text12       0D02
_clcd_write                      text20       0E32
_clear_screen                    text5        0CF1
_door_status                     text2        0DCA
_flag                            bssBANK0     0042
_init_clcd                       text18       0CD6
_init_config                     text15       0D2C
_init_display_controller         text19       0EC3
_init_matrix_keypad              text17       0CE1
_init_timer2                     text16       07F3
_isr                             text21       0DFD
_main                            maintext     0248
_menu_display_screen             text13       0D6E
_min                             bssCOMMON    007A
_nRBPU                           (abs)        040F
_operation_flag                  dataBANK0    0044
_power_on_screen                 text11       0F8F
_read_matrix_keypad              text9        0D4B
_scan_keypad                     text10       0738
_sec                             bssBANK0     0043
_set_temp                        text4        0034
_set_time                        text3        03AD
_time_display_screen             text1        0512
btemp                            (abs)        007E
clcd_print@addr                  cstackCOMMON 0078
clcd_print@str                   cstackCOMMON 0076
clcd_putch@addr                  cstackBANK0  0028
clcd_putch@data                  cstackBANK0  0029
clcd_write@byte                  cstackCOMMON 0075
clcd_write@mode                  cstackCOMMON 0072
end_of_initialization            cinit        0030
interrupt_function               intentry     0004
intlevel0                        functab      0000
intlevel1                        functab      0000
intlevel2                        functab      0000
intlevel3                        functab      0000
intlevel4                        functab      0000
intlevel5                        functab      0000
isr@count                        bssBANK0     0036
main@key                         cstackBANK0  0035
main@reset_flag                  cstackBANK0  0033
power_on_screen@i                cstackBANK0  002D
read_matrix_keypad@key           cstackCOMMON 0075
read_matrix_keypad@mode          cstackCOMMON 0074
read_matrix_keypad@once          dataCOMMON   007B
reset_vec                        reset_vec    0000
saved_w                          (abs)        007E
scan_keypad@i                    cstackCOMMON 0072
set_temp@blink                   bssBANK0     0040
set_temp@key                     cstackBANK0  002F
set_temp@key_count               bssBANK0     0041
set_temp@reset_flag              cstackBANK0  002A
set_temp@temp                    bssBANK0     003F
set_temp@wait                    bssBANK0     003A
set_time@blink                   bssBANK0     003C
set_time@blink_pos               bssBANK0     003D
set_time@key                     cstackBANK0  002E
set_time@key_count               bssBANK0     003E
set_time@reset_flag              cstackBANK0  002A
set_time@wait                    bssBANK0     0038
start                            init         000C
start_initialization             cinit        000F
wtemp0                           (abs)        007E


MODULE INFORMATION

Module		Function		Class		Link	Load	Size
timers.c
		_init_timer2   		CODE           	07F3	0000	13

timers.c estimated size: 13

/opt/microchip/xc8/v2.45/pic/sources/c99/common/awdiv.c
		___awdiv       		CODE           	0F26	0000	105

/opt/microchip/xc8/v2.45/pic/sources/c99/common/awdiv.c estimated size: 105

matrix_keypad.c
		_init_matrix_keypad		CODE           	0CE1	0000	16
		_read_matrix_keypad		CODE           	0D4B	0000	35
		_scan_keypad   		CODE           	0738	0000	187

matrix_keypad.c estimated size: 238

/opt/microchip/xc8/v2.45/pic/sources/c99/common/Umul8.c
		___bmul        		CODE           	0D17	0000	21

/opt/microchip/xc8/v2.45/pic/sources/c99/common/Umul8.c estimated size: 21

isr.c
		_isr           		CODE           	0DFD	0000	53

isr.c estimated size: 53

shared
		__stringtab    		STRING         	0800	0000	18
		__initialization		CODE           	000F	0000	33

shared estimated size: 51

clcd.c
		_clcd_write    		CODE           	0E32	0000	54
		_clcd_print    		CODE           	0D9B	0000	47
		_clcd_putch    		CODE           	0D02	0000	21
		_init_display_controller		CODE           	0EC3	0000	99
		_init_clcd     		CODE           	0CD6	0000	11

clcd.c estimated size: 232

/opt/microchip/xc8/v2.45/pic/sources/c99/common/awmod.c
		___awmod       		CODE           	0E68	0000	91

/opt/microchip/xc8/v2.45/pic/sources/c99/common/awmod.c estimated size: 91

main.c
		_time_display_screen		CODE           	0512	0000	231
		_main          		CODE           	0248	0000	357
		_set_temp      		CODE           	0034	0000	532
		_menu_display_screen		CODE           	0D6E	0000	45
		_clear_screen  		CODE           	0CF1	0000	17
		_power_on_screen		CODE           	0F8F	0000	113
		_set_time      		CODE           	03AD	0000	357
		_init_config   		CODE           	0D2C	0000	31
		_door_status   		CODE           	0DCA	0000	51

main.c estimated size: 1734

